[app.iosgods.com/store/more-info.html]
[backblue.gif]
[fade.gif]
[index.html]
[app.iosgods.com/favicon.png]
[app.iosgods.com/apple-touch-icon.png]
[app.iosgods.com/favicon-32x32.png]
[app.iosgods.com/favicon-16x16.png]
[app.iosgods.com/store/lib/font-awesome/css/font-awesome.min.css]
[app.iosgods.com/store/css/framework7.bundle.min.css]
[app.iosgods.com/store/css/app.min78a8.css]
[app.iosgods.com/store/img/splashscreens/iphone5_splash.png]
[app.iosgods.com/store/img/splashscreens/iphone6_splash.png]
[app.iosgods.com/store/img/splashscreens/iphoneplus_splash.png]
[app.iosgods.com/store/img/splashscreens/iphonex_splash.png]
[app.iosgods.com/store/img/splashscreens/iphonexr_splash.png]
[app.iosgods.com/store/img/splashscreens/iphonexsmax_splash.png]
[app.iosgods.com/store/img/splashscreens/ipad_splash.png]
[app.iosgods.com/store/img/splashscreens/ipadpro1_splash.png]
[app.iosgods.com/store/img/splashscreens/ipadpro3_splash.png]
[app.iosgods.com/store/img/splashscreens/ipadpro2_splash.png]
[www.google.com/recaptcha/api.js]
[www.gstatic.com/firebasejs/7.2.1/firebase-app.js]
[www.gstatic.com/firebasejs/7.2.1/firebase-analytics.js]
[app.iosgods.com/store/lib/jquery/dist/jquery.min.js]
[app.iosgods.com/store/js/framework7.bundle.min.js]
[app.iosgods.com/store/more-info.html]
[app.iosgods.com/store/js/app.min1250.js]
[app.iosgods.com/store/lib/font-awesome/fonts/fontawesome-webfont3e6e.eot]
[app.iosgods.com/store/lib/font-awesome/fonts/fontawesome-webfontd41d.eot]
[app.iosgods.com/store/lib/font-awesome/fonts/fontawesome-webfont3e6e.woff2]
[app.iosgods.com/store/lib/font-awesome/fonts/fontawesome-webfont3e6e.woff]
[app.iosgods.com/store/lib/font-awesome/fonts/fontawesome-webfont3e6e.ttf]
[app.iosgods.com/store/lib/font-awesome/css/font-awesome.min.css]
[app.iosgods.com/store/css/framework7.bundle.min.css]
[app.iosgods.com/store/lib/font-awesome/fonts/fontawesome-webfont3e6e.svg]
[app.iosgods.com/store/fonts/SFProText-Regular.eot]
[app.iosgods.com/store/fonts/SFProText-Regulard41d.eot]
[app.iosgods.com/store/fonts/SFProText-Regular.woff2]
[app.iosgods.com/store/fonts/SFProText-Regular.woff]
[app.iosgods.com/store/fonts/SFProText-Regular.ttf]
[app.iosgods.com/store/fonts/SFProText-Regular.svg]
[app.iosgods.com/store/fonts/SFProDisplay-Bold.eot]
[app.iosgods.com/store/fonts/SFProDisplay-Boldd41d.eot]
[app.iosgods.com/store/fonts/SFProDisplay-Bold.woff2]
[app.iosgods.com/store/fonts/SFProDisplay-Bold.woff]
[app.iosgods.com/store/fonts/SFProDisplay-Bold.ttf]
[app.iosgods.com/store/fonts/SFProDisplay-Bold.svg]
[app.iosgods.com/store/fonts/SFProDisplay-Semibold.eot]
[app.iosgods.com/store/fonts/SFProDisplay-Semiboldd41d.eot]
[app.iosgods.com/store/fonts/SFProDisplay-Semibold.woff2]
[app.iosgods.com/store/fonts/SFProDisplay-Semibold.woff]
[app.iosgods.com/store/fonts/SFProDisplay-Semibold.ttf]
[app.iosgods.com/store/fonts/SFProDisplay-Semibold.svg]
[app.iosgods.com/store/fonts/MaterialIcons-Regular.eot]
[app.iosgods.com/store/fonts/MaterialIcons-Regular.woff2]
[app.iosgods.com/store/fonts/MaterialIcons-Regular.woff]
[app.iosgods.com/store/fonts/MaterialIcons-Regular.ttf]
[app.iosgods.com/store/fonts/Framework7Icons-Regular.eot]
[app.iosgods.com/store/fonts/Framework7Icons-Regular.woff2]
[app.iosgods.com/store/fonts/Framework7Icons-Regular.woff]
[app.iosgods.com/store/fonts/Framework7Icons-Regular.ttf]
[app.iosgods.com/store/img/f7-icon.png]
[app.iosgods.com/store/img/vi-icon.png]
[app.iosgods.com/store/img/back-arrow.svg]
[app.iosgods.com/store/images/back-arrow.svg]
[app.iosgods.com/store/css/app.min78a8.css]
[app.iosgods.com/store/img/splashscreens/iphone5_splash.html]
[app.iosgods.com/store/img/splashscreens/iphone6_splash.html]
[app.iosgods.com/store/img/splashscreens/iphoneplus_splash.html]
[app.iosgods.com/store/img/splashscreens/iphonex_splash.html]
[app.iosgods.com/store/img/splashscreens/iphonexr_splash.html]
[app.iosgods.com/store/img/splashscreens/iphonexsmax_splash.html]
[app.iosgods.com/store/img/splashscreens/ipad_splash.html]
[app.iosgods.com/store/img/splashscreens/ipadpro1_splash.html]
[app.iosgods.com/store/img/splashscreens/ipadpro3_splash.html]
[app.iosgods.com/store/img/splashscreens/ipadpro2_splash.html]
[app.iosgods.com/store/lib/font-awesome/fonts/fontawesome-webfont3e6e.svg]
[app.iosgods.com/store/fonts/SFProText-Regular.svg]
[app.iosgods.com/store/fonts/SFProDisplay-Bold.svg]
[app.iosgods.com/store/fonts/SFProDisplay-Semibold.svg]
[app.iosgods.com/store/img/f7-icon.html]
[app.iosgods.com/store/img/vi-icon.html]
[app.iosgods.com/store/img/back-arrow.svg]
[app.iosgods.com/store/images/back-arrow.html]
