[app.iosgods.com/store/apps.html]
[backblue.gif]
[fade.gif]
[index.html]
[app.iosgods.com/favicon.png]
[app.iosgods.com/apple-touch-icon.png]
[app.iosgods.com/favicon-32x32.png]
[app.iosgods.com/favicon-16x16.png]
[app.iosgods.com/store/lib/font-awesome/css/font-awesome.min.css]
[app.iosgods.com/store/css/framework7.bundle.min.css]
[app.iosgods.com/store/css/app.min78a8.css]
[app.iosgods.com/store/img/splashscreens/iphone5_splash.png]
[app.iosgods.com/store/img/splashscreens/iphone6_splash.png]
[app.iosgods.com/store/img/splashscreens/iphoneplus_splash.png]
[app.iosgods.com/store/img/splashscreens/iphonex_splash.png]
[app.iosgods.com/store/img/splashscreens/iphonexr_splash.png]
[app.iosgods.com/store/img/splashscreens/iphonexsmax_splash.png]
[app.iosgods.com/store/img/splashscreens/ipad_splash.png]
[app.iosgods.com/store/img/splashscreens/ipadpro1_splash.png]
[app.iosgods.com/store/img/splashscreens/ipadpro3_splash.png]
[app.iosgods.com/store/img/splashscreens/ipadpro2_splash.png]
[www.google.com/recaptcha/api.js]
[www.gstatic.com/firebasejs/7.2.1/firebase-app.js]
[www.gstatic.com/firebasejs/7.2.1/firebase-analytics.js]
[is3-ssl.mzstatic.com/image/thumb/Purple122/v4/ff/c4/c2/ffc4c293-b39d-246e-c360-1b5325ce1769/AppIcon-1x_U007emarketing-0-7-0-85-220.png/100x100bb.jpg]
[is3-ssl.mzstatic.com/image/thumb/Purple122/v4/9a/9e/30/9a9e30c1-b38e-d123-1b3c-ad17bcbed8ed/app-icon-main-0-0-1x_U007emarketing-0-0-0-10-0-0-sRGB-0-0-0-GLES2_U002c0-512MB-85-220-0-0.png/100x100bb.jpg]
[is2-ssl.mzstatic.com/image/thumb/Purple112/v4/bb/f7/83/bbf7839e-4c0f-81fb-6627-3b30852219da/AppIcon-0-0-1x_U007emarketing-0-0-0-7-0-0-sRGB-0-0-0-GLES2_U002c0-512MB-85-220-0-0.png/100x100bb.jpg]
[is4-ssl.mzstatic.com/image/thumb/Purple112/v4/61/f4/9c/61f49c90-d099-a576-b4bb-63733dd89848/AppIcon-0-0-1x_U007emarketing-0-0-0-4-0-0-P3-0-0-0-GLES2_U002c0-512MB-85-220-0-0.png/100x100bb.jpg]
[is5-ssl.mzstatic.com/image/thumb/Purple112/v4/95/25/f0/9525f045-5ef4-3c60-203d-ff1a6e24dffb/AppIcon-0-0-1x_U007emarketing-0-0-0-7-0-0-sRGB-0-0-0-GLES2_U002c0-512MB-85-220-0-0.png/100x100bb.jpg]
[is1-ssl.mzstatic.com/image/thumb/Purple112/v4/b0/39/52/b0395237-4c73-ee51-eac2-62c834f9f8dd/AppIcon-0-1x_U007emarketing-0-4-0-85-220.png/100x100bb.jpg]
[is2-ssl.mzstatic.com/image/thumb/Purple122/v4/00/70/1a/00701aca-32d4-0689-3757-ac0818353574/AppIcon-0-1x_U007emarketing-0-5-0-85-220.png/100x100bb.jpg]
[is4-ssl.mzstatic.com/image/thumb/Purple125/v4/44/d0/e2/44d0e2e8-7518-767f-3e03-a96834c0f079/AppIconNew-0-0-1x_U007emarketing-0-0-0-7-0-0-sRGB-0-0-0-GLES2_U002c0-512MB-85-220-0-0.png/100x100bb.jpg]
[is1-ssl.mzstatic.com/image/thumb/Purple122/v4/13/42/ed/1342edff-5a41-577f-8ede-511bd6d6a709/logo_youtube_color-0-0-1x_U007emarketing-0-0-0-6-0-0-sRGB-0-0-0-GLES2_U002c0-512MB-85-220-0-0.png/100x100bb.jpg]
[is3-ssl.mzstatic.com/image/thumb/Purple112/v4/ce/e9/89/cee98980-6236-5ae4-ff86-d63c59ded0b8/AppIcon-0-0-1x_U007emarketing-0-0-0-7-0-0-sRGB-0-0-0-GLES2_U002c0-512MB-85-220-0-0.png/100x100bb.jpg]
[is3-ssl.mzstatic.com/image/thumb/Purple112/v4/96/9c/6e/969c6e72-cfae-c798-e6da-ae3c7146450f/AppIcon-0-0-1x_U007emarketing-0-0-0-7-0-0-sRGB-0-0-0-GLES2_U002c0-512MB-85-220-0-0.png/100x100bb.jpg]
[is5-ssl.mzstatic.com/image/thumb/Purple122/v4/5a/5b/6a/5a5b6a12-b9c2-ebca-4973-f698d92c4290/AppIcon-0-0-1x_U007emarketing-0-0-0-7-0-0-sRGB-0-0-0-GLES2_U002c0-512MB-85-220-0-0.png/100x100bb.jpg]
[is4-ssl.mzstatic.com/image/thumb/Purple112/v4/d7/03/21/d70321e3-8f39-234c-094b-eeb9b6fc97a6/AppIcon-0-0-1x_U007emarketing-0-0-0-7-0-0-sRGB-0-0-0-GLES2_U002c0-512MB-85-220-0-0.png/100x100bb.jpg]
[is4-ssl.mzstatic.com/image/thumb/Purple112/v4/c9/54/b9/c954b902-03cc-1d94-386c-e72c1e5edd66/AppIcon-0-0-1x_U007emarketing-0-0-0-7-0-0-sRGB-0-0-0-GLES2_U002c0-512MB-85-220-0-0.png/100x100bb.jpg]
[is5-ssl.mzstatic.com/image/thumb/Purple122/v4/a7/49/40/a74940bb-15d5-897b-c1d1-3ad4640c03c1/ProductionAppIcon-1x_U007emarketing-0-7-0-0-0-85-220.png/100x100bb.jpg]
[is4-ssl.mzstatic.com/image/thumb/Purple116/v4/44/37/d3/4437d306-612d-e26d-aebf-30436fffd9dc/AppIcon-0-0-1x_U007emarketing-0-0-0-6-0-0-sRGB-0-0-0-GLES2_U002c0-512MB-85-220-0-0.png/100x100bb.jpg]
[is4-ssl.mzstatic.com/image/thumb/Purple112/v4/3a/41/86/3a41861e-797d-8a0b-21ea-f8b8797408f1/AppIcon-0-0-1x_U007emarketing-0-0-0-7-0-0-P3-0-0-0-GLES2_U002c0-512MB-85-220-0-0.png/100x100bb.jpg]
[is3-ssl.mzstatic.com/image/thumb/Purple126/v4/76/b6/56/76b65695-85e6-0c8f-6c0a-d760786c20fe/AppIcon-0-0-1x_U007emarketing-0-0-0-7-0-0-sRGB-0-0-0-GLES2_U002c0-512MB-85-220-0-0.png/100x100bb.jpg]
[is2-ssl.mzstatic.com/image/thumb/Purple116/v4/cd/bc/09/cdbc097c-50da-6c64-5640-e782322877b8/AppIcon-3-0-0-1x_U007emarketing-0-0-0-9-0-0-sRGB-0-0-0-GLES2_U002c0-512MB-85-220-0-0.png/100x100bb.jpg]
[is5-ssl.mzstatic.com/image/thumb/Purple115/v4/f3/31/ef/f331ef26-b8ac-6102-07c9-b0613965e056/AppIcon-0-0-1x_U007emarketing-0-0-0-10-0-0-sRGB-0-0-0-GLES2_U002c0-512MB-85-220-0-0.png/100x100bb.jpg]
[is2-ssl.mzstatic.com/image/thumb/Purple112/v4/6b/6d/98/6b6d9857-4deb-6740-c6d7-0eed1a586e8a/AppIcon-1x_U007emarketing-0-10-0-0-0-85-220.png/100x100bb.jpg]
[is3-ssl.mzstatic.com/image/thumb/Purple126/v4/70/51/11/705111d7-ad88-6a94-8039-a898ef487488/AppIcon-0-1x_U007emarketing-0-5-0-85-220.png/100x100bb.jpg]
[is3-ssl.mzstatic.com/image/thumb/Purple112/v4/ab/d0/0d/abd00d67-060e-c635-fc59-578ed9da57b8/AppIcon-1x_U007emarketing-0-7-0-85-220.png/100x100bb.jpg]
[is5-ssl.mzstatic.com/image/thumb/Purple126/v4/0d/79/71/0d79713d-506d-dc07-c682-efdbfeaf99f4/AppIcon-0-0-1x_U007emarketing-0-0-0-8-0-0-sRGB-0-0-0-GLES2_U002c0-512MB-85-220-0-0.png/100x100bb.jpg]
[is4-ssl.mzstatic.com/image/thumb/Purple112/v4/f4/20/eb/f420eb26-db69-91fb-c90c-960ad57b34e4/AppIcon-0-1x_U007emarketing-0-7-0-85-220.png/100x100bb.jpg]
[is4-ssl.mzstatic.com/image/thumb/Purple122/v4/4f/4a/6e/4f4a6e72-76ed-dfc2-9a12-10754d9d104f/AppIcon-1x_U007emarketing-0-10-0-85-220.png/100x100bb.jpg]
[is3-ssl.mzstatic.com/image/thumb/Purple122/v4/7e/9c/64/7e9c64a0-8ffc-9c69-c532-a0cf26ff583a/AppIcon-0-1x_U007emarketing-0-7-0-85-220.png/100x100bb.jpg]
[is2-ssl.mzstatic.com/image/thumb/Purple112/v4/07/03/a3/0703a39e-3025-a912-7ab2-986298533b0f/AppIcon-0-0-1x_U007emarketing-0-0-0-7-0-0-sRGB-0-0-0-GLES2_U002c0-512MB-85-220-0-0.png/100x100bb.jpg]
[is1-ssl.mzstatic.com/image/thumb/Purple112/v4/3a/ff/2d/3aff2de5-e971-7ace-607d-22d12ceb0d52/AppIcon-0-1x_U007emarketing-0-7-0-85-220.png/100x100bb.jpg]
[is4-ssl.mzstatic.com/image/thumb/Purple122/v4/e4/f9/86/e4f9860b-ae70-4b2c-5f52-39b2f8a71944/AppIcon-0-1x_U007emarketing-0-0-0-7-0-0-85-220.png/100x100bb.jpg]
[is4-ssl.mzstatic.com/image/thumb/Purple122/v4/7a/40/7d/7a407d87-a501-7579-c361-744769dbc1a5/AppIcon-0-0-1x_U007emarketing-0-0-0-6-0-0-sRGB-0-0-0-GLES2_U002c0-512MB-85-220-0-0.png/100x100bb.jpg]
[is1-ssl.mzstatic.com/image/thumb/Purple112/v4/f3/4c/59/f34c596c-6cfb-8dd8-4bf6-2e60546bd515/AppIcon-1x_U007emarketing-0-7-0-85-220.png/100x100bb.jpg]
[is3-ssl.mzstatic.com/image/thumb/Purple122/v4/4a/71/b5/4a71b5b9-080e-45d1-9c22-321b39b18c39/BMW_Full-1x_U007emarketing-0-10-0-sRGB-85-220.png/100x100bb.jpg]
[is3-ssl.mzstatic.com/image/thumb/Purple112/v4/7f/cf/30/7fcf30a3-1460-eecb-e37a-880d99ed0c80/AppIcon-0-0-1x_U007emarketing-0-0-0-10-0-0-sRGB-0-0-0-GLES2_U002c0-512MB-85-220-0-0.png/100x100bb.jpg]
[is3-ssl.mzstatic.com/image/thumb/Purple112/v4/a7/ac/c7/a7acc799-515a-b109-74af-56176e41b5b9/AppIcon-0-0-1x_U007emarketing-0-0-0-7-0-0-sRGB-0-0-0-GLES2_U002c0-512MB-85-220-0-0.png/100x100bb.jpg]
[is4-ssl.mzstatic.com/image/thumb/Purple122/v4/34/c4/c6/34c4c67b-b3f2-3305-cb1d-57ab81a6e7f9/AppIcon-0-1x_U007emarketing-0-7-0-85-220.png/100x100bb.jpg]
[is3-ssl.mzstatic.com/image/thumb/Purple122/v4/63/79/bf/6379bf3a-b224-5707-8d2e-aa253843aebc/AppIconPBN-0-0-1x_U007emarketing-0-0-0-7-0-0-sRGB-0-0-0-GLES2_U002c0-512MB-85-220-0-0.png/100x100bb.jpg]
[is2-ssl.mzstatic.com/image/thumb/Purple122/v4/2f/ee/05/2fee0589-f2e1-79b7-9cbf-ad96c159cf56/AppIcon-0-0-1x_U007emarketing-0-0-0-7-0-0-sRGB-0-0-0-GLES2_U002c0-512MB-85-220-0-0.png/100x100bb.jpg]
[is4-ssl.mzstatic.com/image/thumb/Purple122/v4/b1/b0/6d/b1b06d49-9dde-5ae8-6402-92a20ea593ff/AppIcon-0-1x_U007emarketing-0-0-0-7-0-0-85-220.jpeg/100x100bb.jpg]
[is4-ssl.mzstatic.com/image/thumb/Purple112/v4/96/e7/9b/96e79bc5-c098-3fd1-add3-9f26c75991d3/AppIcon_TikTok-0-0-1x_U007emarketing-0-0-0-7-0-0-sRGB-0-0-0-GLES2_U002c0-512MB-85-220-0-0.png/100x100bb.jpg]
[is5-ssl.mzstatic.com/image/thumb/Purple122/v4/e9/08/3a/e9083ad3-84c0-9d5d-1e04-5c36fee65d09/AppIcon-CCCP-0-0-1x_U007emarketing-0-0-0-7-0-0-sRGB-0-0-0-GLES2_U002c0-512MB-85-220-0-0.png/100x100bb.jpg]
[is2-ssl.mzstatic.com/image/thumb/Purple112/v4/0c/6b/b4/0c6bb4b8-d9cb-eb42-bbc1-c34631df308b/AppIcon-0-0-1x_U007emarketing-0-0-0-7-0-0-sRGB-0-0-0-GLES2_U002c0-512MB-85-220-0-0.png/100x100bb.jpg]
[is3-ssl.mzstatic.com/image/thumb/Purple122/v4/f2/58/57/f25857ae-f641-c565-99bf-7630e2e4d29a/AppIcon-1x_U007emarketing-0-5-0-85-220.png/100x100bb.jpg]
[is2-ssl.mzstatic.com/image/thumb/Purple122/v4/7d/8c/1c/7d8c1c08-b9e3-fa5e-dcdb-47e2eb72bfd8/AppIcon-0-1x_U007emarketing-0-7-0-sRGB-0-85-220.png/100x100bb.jpg]
[is5-ssl.mzstatic.com/image/thumb/Purple112/v4/cd/31/f7/cd31f717-720f-bc82-2219-cebb4a0e1d3f/Icon-Production-0-0-1x_U007emarketing-0-0-0-7-0-0-sRGB-0-0-0-GLES2_U002c0-512MB-85-220-0-0.png/100x100bb.jpg]
[is4-ssl.mzstatic.com/image/thumb/Purple112/v4/90/6c/d3/906cd3f8-5818-c7cc-93ef-450670f1fe92/AppIcon-0-0-1x_U007emarketing-0-0-0-7-0-0-sRGB-0-0-0-GLES2_U002c0-512MB-85-220-0-0.png/100x100bb.jpg]
[is1-ssl.mzstatic.com/image/thumb/Purple126/v4/a4/f1/d1/a4f1d16b-dc78-30be-6923-6ad0a5fab950/AppIcon-0-0-1x_U007emarketing-0-0-0-7-0-0-sRGB-0-0-0-GLES2_U002c0-512MB-85-220-0-0.png/100x100bb.jpg]
[is4-ssl.mzstatic.com/image/thumb/Purple122/v4/26/c2/e5/26c2e505-4d4c-0fee-e3e1-ebd8d46925aa/AppIcon-1x_U007emarketing-0-7-0-85-220.png/100x100bb.jpg]
[is1-ssl.mzstatic.com/image/thumb/Purple122/v4/90/c8/03/90c80342-eac4-0918-77d5-4551fbec2f11/Prod-0-0-1x_U007emarketing-0-0-0-7-0-0-sRGB-0-0-0-GLES2_U002c0-512MB-85-220-0-0.png/100x100bb.jpg]
[is3-ssl.mzstatic.com/image/thumb/Purple116/v4/c5/54/5d/c5545dbd-46c6-e760-bc1c-abf60e2cad25/AppIcon-0-0-1x_U007emarketing-0-0-0-7-0-0-sRGB-0-0-0-GLES2_U002c0-512MB-85-220-0-0.png/100x100bb.jpg]
[is5-ssl.mzstatic.com/image/thumb/Purple116/v4/0a/19/57/0a195701-93cc-acc4-0854-ddf2da0f0ab4/AppIcon-0-0-1x_U007emarketing-0-0-0-7-0-0-sRGB-0-0-0-GLES2_U002c0-512MB-85-220-0-0.png/100x100bb.jpg]
[is1-ssl.mzstatic.com/image/thumb/Purple126/v4/54/cd/03/54cd0378-de99-dece-cdc2-097ab1dada1e/AppIcon-0-0-1x_U007emarketing-0-0-0-10-0-0-sRGB-0-0-0-GLES2_U002c0-512MB-85-220-0-0.png/100x100bb.jpg]
[is1-ssl.mzstatic.com/image/thumb/Purple112/v4/b4/c2/89/b4c289a2-e384-2354-78d8-fceed4376cf9/source/100x100bb.jpg]
[is3-ssl.mzstatic.com/image/thumb/Purple122/v4/6f/44/1c/6f441ca9-00d3-fd65-493f-d632c1666c33/source/100x100bb.jpg]
[app.iosgods.com/store/public/uploads/pictures/736/thumbnail.png]
[is5-ssl.mzstatic.com/image/thumb/Purple124/v4/c1/2b/77/c12b7736-079d-8bc9-c08c-5d92145cb64c/source/100x100bb.jpg]
[is1-ssl.mzstatic.com/image/thumb/Purple123/v4/14/fe/58/14fe58c5-3245-9de5-488b-0714f30d09d3/source/100x100bb.jpg]
[is2-ssl.mzstatic.com/image/thumb/Purple114/v4/6a/be/c7/6abec79a-a565-0a3d-4f2a-ecb1b5a71d15/source/100x100bb.jpg]
[is2-ssl.mzstatic.com/image/thumb/Purple125/v4/e7/13/43/e713434f-3242-ff08-83e5-6d5402e06214/source/100x100bb.jpg]
[is1-ssl.mzstatic.com/image/thumb/Purple113/v4/f3/92/0a/f3920aa4-5e3c-c2ce-e35c-eb4662757763/source/100x100bb.jpg]
[app.iosgods.com/store/public/uploads/pictures/1019/thumbnail.png]
[is3-ssl.mzstatic.com/image/thumb/Purple113/v4/fd/84/80/fd84804e-3100-3e47-0039-fe35e6e6e317/source/100x100bb.jpg]
[is5-ssl.mzstatic.com/image/thumb/Purple123/v4/be/16/d4/be16d49b-7fb6-f652-0aa1-786d783ab352/source/100x100bb.jpg]
[app.iosgods.com/store/public/uploads/pictures/1450/thumbnail.png]
[app.iosgods.com/store/public/uploads/pictures/777/thumbnail.png]
[is1-ssl.mzstatic.com/image/thumb/Purple124/v4/28/fa/8e/28fa8ebf-d3ed-9ef9-4785-2a82876767f4/source/100x100bb.jpg]
[is5-ssl.mzstatic.com/image/thumb/Purple125/v4/61/48/f7/6148f7a9-51b9-8818-dfe1-865d6f7ab77c/source/100x100bb.jpg]
[is5-ssl.mzstatic.com/image/thumb/Purple124/v4/ee/5a/cb/ee5acbf8-0578-5e30-2039-31b89c489fed/source/100x100bb.jpg]
[is3-ssl.mzstatic.com/image/thumb/Purple116/v4/63/1e/dc/631edcde-74c8-7ddf-086b-fd9b18fbfc85/source/100x100bb.jpg]
[is2-ssl.mzstatic.com/image/thumb/Purple115/v4/8b/ba/fd/8bbafdf3-f06f-0d8e-4435-c1638f85849f/source/100x100bb.jpg]
[app.iosgods.com/store/uploads/pictures/2398/thumbnail.png]
[is1-ssl.mzstatic.com/image/thumb/Purple123/v4/f1/8f/00/f18f003f-3634-b63a-a64f-cacdc65c81f3/source/100x100bb.jpg]
[is4-ssl.mzstatic.com/image/thumb/Purple123/v4/0c/56/b9/0c56b973-4787-1c3d-fe48-8cfb58b12622/source/100x100bb.jpg]
[app.iosgods.com/store/lib/jquery/dist/jquery.min.js]
[app.iosgods.com/store/js/framework7.bundle.min.js]
[app.iosgods.com/store/apps.html]
[app.iosgods.com/store/js/app.min1250.js]
[app.iosgods.com/store/lib/font-awesome/fonts/fontawesome-webfontd41d.eot]
[app.iosgods.com/store/lib/font-awesome/fonts/fontawesome-webfont3e6e.eot]
[app.iosgods.com/store/lib/font-awesome/fonts/fontawesome-webfont3e6e.woff2]
[app.iosgods.com/store/lib/font-awesome/fonts/fontawesome-webfont3e6e.woff]
[app.iosgods.com/store/lib/font-awesome/fonts/fontawesome-webfont3e6e.ttf]
[app.iosgods.com/store/lib/font-awesome/css/font-awesome.min.css]
[app.iosgods.com/store/css/framework7.bundle.min.css]
[app.iosgods.com/store/lib/font-awesome/fonts/fontawesome-webfont3e6e.svg]
[app.iosgods.com/store/fonts/SFProText-Regular.eot]
[app.iosgods.com/store/fonts/SFProText-Regular.woff2]
[app.iosgods.com/store/fonts/SFProText-Regular.woff]
[app.iosgods.com/store/fonts/SFProText-Regular.ttf]
[app.iosgods.com/store/fonts/SFProText-Regulard41d.eot]
[app.iosgods.com/store/fonts/SFProDisplay-Bold.eot]
[app.iosgods.com/store/fonts/SFProDisplay-Boldd41d.eot]
[app.iosgods.com/store/fonts/SFProDisplay-Bold.woff2]
[app.iosgods.com/store/fonts/SFProDisplay-Bold.woff]
[app.iosgods.com/store/fonts/SFProDisplay-Bold.ttf]
[app.iosgods.com/store/fonts/SFProDisplay-Bold.svg]
[app.iosgods.com/store/fonts/SFProDisplay-Semibold.eot]
[app.iosgods.com/store/fonts/SFProDisplay-Semiboldd41d.eot]
[app.iosgods.com/store/fonts/SFProDisplay-Semibold.woff2]
[app.iosgods.com/store/fonts/SFProDisplay-Semibold.woff]
[app.iosgods.com/store/fonts/SFProDisplay-Semibold.ttf]
[app.iosgods.com/store/fonts/SFProText-Regular.svg]
[app.iosgods.com/store/fonts/SFProDisplay-Semibold.svg]
[app.iosgods.com/store/fonts/MaterialIcons-Regular.eot]
[app.iosgods.com/store/fonts/MaterialIcons-Regular.woff2]
[app.iosgods.com/store/fonts/MaterialIcons-Regular.woff]
[app.iosgods.com/store/fonts/MaterialIcons-Regular.ttf]
[app.iosgods.com/store/fonts/Framework7Icons-Regular.eot]
[app.iosgods.com/store/fonts/Framework7Icons-Regular.woff2]
[app.iosgods.com/store/fonts/Framework7Icons-Regular.woff]
[app.iosgods.com/store/fonts/Framework7Icons-Regular.ttf]
[app.iosgods.com/store/img/f7-icon.png]
[app.iosgods.com/store/img/vi-icon.png]
[app.iosgods.com/store/img/back-arrow.svg]
[app.iosgods.com/store/images/back-arrow.svg]
[app.iosgods.com/store/css/app.min78a8.css]
[app.iosgods.com/store/img/splashscreens/iphone5_splash.html]
[app.iosgods.com/store/img/splashscreens/iphone6_splash.html]
[app.iosgods.com/store/img/splashscreens/iphoneplus_splash.html]
[app.iosgods.com/store/img/splashscreens/iphonex_splash.html]
[app.iosgods.com/store/img/splashscreens/iphonexr_splash.html]
[app.iosgods.com/store/img/splashscreens/iphonexsmax_splash.html]
[app.iosgods.com/store/img/splashscreens/ipad_splash.html]
[app.iosgods.com/store/img/splashscreens/ipadpro1_splash.html]
[app.iosgods.com/store/img/splashscreens/ipadpro3_splash.html]
[app.iosgods.com/store/img/splashscreens/ipadpro2_splash.html]
[app.iosgods.com/store/lib/font-awesome/fonts/fontawesome-webfont3e6e.svg]
[app.iosgods.com/store/fonts/SFProText-Regular.svg]
[app.iosgods.com/store/fonts/SFProDisplay-Bold.svg]
[app.iosgods.com/store/fonts/SFProDisplay-Semibold.svg]
[app.iosgods.com/store/img/f7-icon.html]
[app.iosgods.com/store/img/vi-icon.html]
[app.iosgods.com/store/img/back-arrow.svg]
[app.iosgods.com/store/images/back-arrow.html]
